
[1m[46m RUN [49m[22m [36mv4.0.16 [39m[90mC:/Users/luizf/antigraty/study-panel[39m

 [31mÔØ»[39m src/components/__tests__/GlobalSearch.test.tsx [2m([22m[2m2 tests[22m[2m | [22m[31m2 failed[39m[2m)[22m[32m 89[2mms[22m[39m
[31m     [31m├ù[31m should render results correctly[39m[32m 73[2mms[22m[39m
[31m     [31m├ù[31m should highlight selected item[39m[32m 14[2mms[22m[39m
node.exe : 
No linha:1 caractere:1
+ & "C:\Program 
Files\nodejs/node.exe" "C:\Us
ers\luizf\AppData\Roaming\ 
...
+ ~~~~~~~~~~~~~~~~~~~~~~~~~~~
~~~~~~~~~~~~~~~~~~~~~~~~~~~~~
~~~~~~~~~~~~~
    + CategoryInfo           
   : NotSpecified: (:String  
  ) [], RemoteException
    + FullyQualifiedErrorId  
   : NativeCommandError
 
[31mÔÄ»ÔÄ»ÔÄ»ÔÄ»ÔÄ»ÔÄ»ÔÄ»[3
9m[1m[41m Failed Tests 2 [
49m[22m[31mÔÄ»ÔÄ»ÔÄ»ÔÄ»ÔÄ»Ô
Ä»ÔÄ»[39m

[41m[1m FAIL [22m[49m src
/components/__tests__/GlobalS
earch.test.tsx[2m > 
[22mGlobalSearch 
Integration[2m > 
[22mshould render results 
correctly
[31m[1mTestingLibraryElemen
tError[22m[39m: Unable to 
find an element with the 
text: Task Result. This 
could be because the text is 
broken up by multiple 
elements. In this case, you 
can provide a function for 
your text matcher to make 
your matcher more flexible.

Ignored nodes: comments, 
script, style
[36m<body>[39m
  [36m<div>[39m
    [36m<div[39m
      
[33mclass[39m=[32m"fixed 
inset-0 z-[9999] flex 
items-start justify-center 
pt-[15vh] px-4"[39m
    [36m>[39m
      [36m<div[39m
        [33mclass[39m=[32m
"absolute inset-0 
bg-black/60 
backdrop-blur-sm"[39m
      [36m/>[39m
      [36m<div[39m
        [33mclass[39m=[32m
"relative w-full max-w-2xl 
bg-slate-800/95 
backdrop-blur-xl border 
border-slate-700/50 
rounded-3xl shadow-2xl 
overflow-hidden"[39m
      [36m>[39m
        [36m<div[39m
          
[33mclass[39m=[32m"flex 
items-center gap-3 p-4 
border-b 
border-slate-700/50"[39m
        [36m>[39m
          [36m<svg[39m
            [33maria-hidden
[39m=[32m"true"[39m
            
[33mclass[39m=[32m"lucide 
lucide-search w-5 h-5 
text-slate-400 
flex-shrink-0"[39m
            [33mfill[39m=[
32m"none"[39m
            [33mheight[39m=
[32m"24"[39m
            [33mstroke[39m=
[32m"currentColor"[39m
            [33mstroke-linec
ap[39m=[32m"round"[39m
            [33mstroke-linej
oin[39m=[32m"round"[39m
            [33mstroke-width
[39m=[32m"2"[39m
            
[33mviewBox[39m=[32m"0 0 
24 24"[39m
            [33mwidth[39m=
[32m"24"[39m
            [33mxmlns[39m=
[32m"http://www.w3.org/2000/s
vg"[39m
          [36m>[39m
            [36m<path[39m
              
[33md[39m=[32m"m21 
21-4.34-4.34"[39m
            [36m/>[39m
            [36m<circle[39m
              
[33mcx[39m=[32m"11"[39m
              
[33mcy[39m=[32m"11"[39m
              
[33mr[39m=[32m"8"[39m
            [36m/>[39m
          [36m</svg>[39m
          [36m<input[39m
            
[33mclass[39m=[32m"flex-1 
bg-transparent text-white 
placeholder-slate-500 
outline-none text-lg"[39m
            [33mplaceholder
[39m=[32m"Buscar em 
tarefas, metas, 
temas..."[39m
            [33mtype[39m=[
32m"text"[39m
            
[33mvalue[39m=[32m""[39m
          [36m/>[39m
          [36m<button[39m
            
[33mclass[39m=[32m"p-1 
hover:bg-slate-700/50 
rounded-lg 
transition-colors"[39m
          [36m>[39m
            [36m<svg[39m
              [33maria-hidde
n[39m=[32m"true"[39m
              
[33mclass[39m=[32m"lucide 
lucide-x w-5 h-5 
text-slate-400"[39m
              [33mfill[39m=
[32m"none"[39m
              [33mheight[39
m=[32m"24"[39m
              [33mstroke[39
m=[32m"currentColor"[39m
              [33mstroke-lin
ecap[39m=[32m"round"[39m
              [33mstroke-lin
ejoin[39m=[32m"round"[39m
              [33mstroke-wid
th[39m=[32m"2"[39m
              
[33mviewBox[39m=[32m"0 0 
24 24"[39m
              [33mwidth[39m
=[32m"24"[39m
              [33mxmlns[39m
=[32m"http://www.w3.org/2000
/svg"[39m
            [36m>[39m
              [36m<path[39m
                
[33md[39m=[32m"M18 6 6 
18"[39m
              [36m/>[39m
              [36m<path[39m
                
[33md[39m=[32m"m6 6 12 
12"[39m
              [36m/>[39m
            [36m</svg>[39m
          [36m</button>[39m
        [36m</div>[39m
        [36m<div[39m
          [33mclass[39m=[3
2m"max-h-[60vh] 
overflow-y-auto 
custom-scrollbar"[39m
        [36m>[39m
          [36m<div[39m
            
[33mclass[39m=[32m"p-8 
text-center 
text-slate-500"[39m
          [36m>[39m
            [36m<svg[39m
              [33maria-hidde
n[39m=[32m"true"[39m
              
[33mclass[39m=[32m"lucide 
lucide-search w-12 h-12 
mx-auto mb-3 opacity-50"[39m
              [33mfill[39m=
[32m"none"[39m
              [33mheight[39
m=[32m"24"[39m
              [33mstroke[39
m=[32m"currentColor"[39m
              [33mstroke-lin
ecap[39m=[32m"round"[39m
              [33mstroke-lin
ejoin[39m=[32m"round"[39m
              [33mstroke-wid
th[39m=[32m"2"[39m
              
[33mviewBox[39m=[32m"0 0 
24 24"[39m
              [33mwidth[39m
=[32m"24"[39m
              [33mxmlns[39m
=[32m"http://www.w3.org/2000
/svg"[39m
            [36m>[39m
              [36m<path[39m
                
[33md[39m=[32m"m21 
21-4.34-4.34"[39m
              [36m/>[39m
              
[36m<circle[39m
                
[33mcx[39m=[32m"11"[39m
                
[33mcy[39m=[32m"11"[39m
                
[33mr[39m=[32m"8"[39m
              [36m/>[39m
            [36m</svg>[39m
            [36m<p[39m
              [33mclass[39m
=[32m"text-sm"[39m
            [36m>[39m
              [0mDigite 
pelo menos 2 caracteres para 
buscar[0m
            [36m</p>[39m
            [36m<p[39m
              [33mclass[39m
=[32m"text-xs mt-2 
opacity-70"[39m
            [36m>[39m
              [0mUse ÔåæÔåô 
para navegar, Enter para 
selecionar[0m
            [36m</p>[39m
          [36m</div>[39m
        [36m</div>[39m
      [36m</div>[39m
    [36m</div>[39m
  [36m</div>[39m
[36m</body>[39m
[90m [2mÔØ»[22m 
Object.getElementError node_m
odules/@testing-library/dom/d
ist/config.js:[2m37:19[22m
[39m
[90m [2mÔØ»[22m node_modul
es/@testing-library/dom/dist/
query-helpers.js:[2m76:38[2
2m[39m
[90m [2mÔØ»[22m node_modul
es/@testing-library/dom/dist/
query-helpers.js:[2m52:17[2
2m[39m
[90m [2mÔØ»[22m node_modul
es/@testing-library/dom/dist/
query-helpers.js:[2m95:19[2
2m[39m
[36m [2mÔØ»[22m src/compon
ents/__tests__/GlobalSearch.t
est.tsx:[2m59:23[22m[39m
    [90m 57| [39m
    [90m 58| [39m        ex
pect(screen.getByPlaceholderT
ext(/Buscar em 
tarefas/i)).toBeÔÇª
    [90m 59| [39m        [
34mexpect[39m(screen[33m.[
39m[34mgetByText[39m([32m'
Task Result'[39m))[33m.[39
m[34mtoBeInTheDocument[39m(
)[33m;[39m
    [90m   | [39m          
            [31m^[39m
    [90m 60| [39m        [
34mexpect[39m(screen[33m.[
39m[34mgetByText[39m([32m'
Goal Result'[39m))[33m.[39
m[34mtoBeInTheDocument[39m(
)[33m;[39m
    [90m 61| [39m    
})[33m;[39m

[31m[2mÔÄ»ÔÄ»ÔÄ»ÔÄ»ÔÄ»ÔÄ»ÔÄ
»ÔÄ»ÔÄ»ÔÄ»ÔÄ»ÔÄ»ÔÄ»ÔÄ»ÔÄ»ÔÄ»Ô
Ä»ÔÄ»ÔÄ»ÔÄ»ÔÄ»ÔÄ»ÔÄ»ÔÄ»[1/2]Ô
Ä»[22m[39m

[41m[1m FAIL [22m[49m src
/components/__tests__/GlobalS
earch.test.tsx[2m > 
[22mGlobalSearch 
Integration[2m > 
[22mshould highlight 
selected item
[31m[1mTestingLibraryElemen
tError[22m[39m: Unable to 
find an element with the 
text: Task Result. This 
could be because the text is 
broken up by multiple 
elements. In this case, you 
can provide a function for 
your text matcher to make 
your matcher more flexible.

Ignored nodes: comments, 
script, style
[36m<body>[39m
  [36m<div>[39m
    [36m<div[39m
      
[33mclass[39m=[32m"fixed 
inset-0 z-[9999] flex 
items-start justify-center 
pt-[15vh] px-4"[39m
    [36m>[39m
      [36m<div[39m
        [33mclass[39m=[32m
"absolute inset-0 
bg-black/60 
backdrop-blur-sm"[39m

      [36m/>[39m
      [36m<div[39m
        [33mclass[39m=[32m
"relative w-full max-w-2xl 
bg-slate-800/95 
backdrop-blur-xl border 
border-slate-700/50 
rounded-3xl shadow-2xl 
overflow-hidden"[39m
      [36m>[39m
        [36m<div[39m
          
[33mclass[39m=[32m"flex 
items-center gap-3 p-4 
border-b 
border-slate-700/50"[39m
        [36m>[39m
          [36m<svg[39m
            [33maria-hidden
[39m=[32m"true"[39m
            
[33mclass[39m=[32m"lucide 
lucide-search w-5 h-5 
text-slate-400 
flex-shrink-0"[39m
            [33mfill[39m=[
32m"none"[39m
            [33mheight[39m=
[32m"24"[39m
            [33mstroke[39m=
[32m"currentColor"[39m
            [33mstroke-linec
ap[39m=[32m"round"[39m
            [33mstroke-linej
oin[39m=[32m"round"[39m
            [33mstroke-width
[39m=[32m"2"[39m
            
[33mviewBox[39m=[32m"0 0 
24 24"[39m
            [33mwidth[39m=
[32m"24"[39m
            [33mxmlns[39m=
[32m"http://www.w3.org/2000/s
vg"[39m
          [36m>[39m
            [36m<path[39m
              
[33md[39m=[32m"m21 
21-4.34-4.34"[39m
            [36m/>[39m
            [36m<circle[39m
              
[33mcx[39m=[32m"11"[39m
              
[33mcy[39m=[32m"11"[39m
              
[33mr[39m=[32m"8"[39m
            [36m/>[39m
          [36m</svg>[39m
          [36m<input[39m
            
[33mclass[39m=[32m"flex-1 
bg-transparent text-white 
placeholder-slate-500 
outline-none text-lg"[39m
            [33mplaceholder
[39m=[32m"Buscar em 
tarefas, metas, 
temas..."[39m
            [33mtype[39m=[
32m"text"[39m
            
[33mvalue[39m=[32m""[39m
          [36m/>[39m
          [36m<button[39m
            
[33mclass[39m=[32m"p-1 
hover:bg-slate-700/50 
rounded-lg 
transition-colors"[39m
          [36m>[39m
            [36m<svg[39m
              [33maria-hidde
n[39m=[32m"true"[39m
              
[33mclass[39m=[32m"lucide 
lucide-x w-5 h-5 
text-slate-400"[39m
              [33mfill[39m=
[32m"none"[39m
              [33mheight[39
m=[32m"24"[39m
              [33mstroke[39
m=[32m"currentColor"[39m
              [33mstroke-lin
ecap[39m=[32m"round"[39m
              [33mstroke-lin
ejoin[39m=[32m"round"[39m
              [33mstroke-wid
th[39m=[32m"2"[39m
              
[33mviewBox[39m=[32m"0 0 
24 24"[39m
              [33mwidth[39m
=[32m"24"[39m
              [33mxmlns[39m
=[32m"http://www.w3.org/2000
/svg"[39m
            [36m>[39m
              [36m<path[39m
                
[33md[39m=[32m"M18 6 6 
18"[39m
              [36m/>[39m
              [36m<path[39m
                
[33md[39m=[32m"m6 6 12 
12"[39m
              [36m/>[39m
            [36m</svg>[39m
          [36m</button>[39m
        [36m</div>[39m
        [36m<div[39m
          [33mclass[39m=[3
2m"max-h-[60vh] 
overflow-y-auto 
custom-scrollbar"[39m
        [36m>[39m
          [36m<div[39m
            
[33mclass[39m=[32m"p-8 
text-center 
text-slate-500"[39m
          [36m>[39m
            [36m<svg[39m
              [33maria-hidde
n[39m=[32m"true"[39m
              
[33mclass[39m=[32m"lucide 
lucide-search w-12 h-12 
mx-auto mb-3 opacity-50"[39m
              [33mfill[39m=
[32m"none"[39m
              [33mheight[39
m=[32m"24"[39m
              [33mstroke[39
m=[32m"currentColor"[39m
              [33mstroke-lin
ecap[39m=[32m"round"[39m
              [33mstroke-lin
ejoin[39m=[32m"round"[39m
              [33mstroke-wid
th[39m=[32m"2"[39m
              
[33mviewBox[39m=[32m"0 0 
24 24"[39m
              [33mwidth[39m
=[32m"24"[39m
              [33mxmlns[39m
=[32m"http://www.w3.org/2000
/svg"[39m
            [36m>[39m
              [36m<path[39m
                
[33md[39m=[32m"m21 
21-4.34-4.34"[39m
              [36m/>[39m
              
[36m<circle[39m
                
[33mcx[39m=[32m"11"[39m
                
[33mcy[39m=[32m"11"[39m
                
[33mr[39m=[32m"8"[39m
              [36m/>[39m
            [36m</svg>[39m
            [36m<p[39m
              [33mclass[39m
=[32m"text-sm"[39m
            [36m>[39m
              [0mDigite 
pelo menos 2 caracteres para 
buscar[0m
            [36m</p>[39m
            [36m<p[39m
              [33mclass[39m
=[32m"text-xs mt-2 
opacity-70"[39m
            [36m>[39m
              [0mUse ÔåæÔåô 
para navegar, Enter para 
selecionar[0m
            [36m</p>[39m
          [36m</div>[39m
        [36m</div>[39m
      [36m</div>[39m
    [36m</div>[39m
  [36m</div>[39m
[36m</body>[39m
[90m [2mÔØ»[22m 
Object.getElementError node_m
odules/@testing-library/dom/d
ist/config.js:[2m37:19[22m
[39m
[90m [2mÔØ»[22m node_modul
es/@testing-library/dom/dist/
query-helpers.js:[2m76:38[2
2m[39m
[90m [2mÔØ»[22m node_modul
es/@testing-library/dom/dist/
query-helpers.js:[2m52:17[2
2m[39m
[90m [2mÔØ»[22m node_modul
es/@testing-library/dom/dist/
query-helpers.js:[2m95:19[2
2m[39m
[36m [2mÔØ»[22m src/compon
ents/__tests__/GlobalSearch.t
est.tsx:[2m72:35[22m[39m
    [90m 70| [39m        
)[33m;[39m
    [90m 71| [39m
    [90m 72| [39m        
const taskButton = 
screen.getByText('Task 
Result').closest('buÔÇª
    [90m   | [39m          
                        
[31m^[39m
    [90m 73| [39m        ex
pect(taskButton).toHaveClass(
'bg-slate-700/50'); // 
SelectedÔÇª
    [90m 74| [39m    
})[33m;[39m

[31m[2mÔÄ»ÔÄ»ÔÄ»ÔÄ»ÔÄ»ÔÄ»ÔÄ
»ÔÄ»ÔÄ»ÔÄ»ÔÄ»ÔÄ»ÔÄ»ÔÄ»ÔÄ»ÔÄ»Ô
Ä»ÔÄ»ÔÄ»ÔÄ»ÔÄ»ÔÄ»ÔÄ»ÔÄ»[2/2]Ô
Ä»[22m[39m

[2m Test Files [22m [1m[31m1 failed[39m[22m[90m (1)[39m
[2m      Tests [22m [1m[31m2 failed[39m[22m[90m (2)[39m
[2m   Start at [22m 18:25:29
[2m   Duration [22m 1.93s[2m (transform 405ms, setup 180ms, import 457ms, tests 89ms, environment 938ms)[22m

